###############################################################################
#
# IAR ELF Linker V8.40.1.212/W32 for ARM                  07/Jul/2019  11:24:55
# Copyright 2007-2019 IAR Systems AB.
#
#    Output file  =
#        C:\Users\User\STMicroelectronics\GY-85 and PWM V2\EWARM\GY-85 and
#        PWM\Exe\GY-85 and PWM.out
#    Map file     =
#        C:\Users\User\STMicroelectronics\GY-85 and PWM V2\EWARM\GY-85 and
#        PWM\List\GY-85 and PWM.map
#    Command line =
#        -f C:\Users\User\AppData\Local\Temp\EW7C98.tmp
#        ("C:\Users\User\STMicroelectronics\GY-85 and PWM V2\EWARM\GY-85 and
#        PWM\Obj\I2Cdev.o" "C:\Users\User\STMicroelectronics\GY-85 and PWM
#        V2\EWARM\GY-85 and PWM\Obj\ITG3205.o"
#        "C:\Users\User\STMicroelectronics\GY-85 and PWM V2\EWARM\GY-85 and
#        PWM\Obj\main.o" "C:\Users\User\STMicroelectronics\GY-85 and PWM
#        V2\EWARM\GY-85 and PWM\Obj\QMC5883L.o"
#        "C:\Users\User\STMicroelectronics\GY-85 and PWM V2\EWARM\GY-85 and
#        PWM\Obj\startup_stm32l432xx.o" "C:\Users\User\STMicroelectronics\GY-85
#        and PWM V2\EWARM\GY-85 and PWM\Obj\stm32l4xx_hal.o"
#        "C:\Users\User\STMicroelectronics\GY-85 and PWM V2\EWARM\GY-85 and
#        PWM\Obj\stm32l4xx_hal_cortex.o"
#        "C:\Users\User\STMicroelectronics\GY-85 and PWM V2\EWARM\GY-85 and
#        PWM\Obj\stm32l4xx_hal_dma.o" "C:\Users\User\STMicroelectronics\GY-85
#        and PWM V2\EWARM\GY-85 and PWM\Obj\stm32l4xx_hal_dma_ex.o"
#        "C:\Users\User\STMicroelectronics\GY-85 and PWM V2\EWARM\GY-85 and
#        PWM\Obj\stm32l4xx_hal_exti.o" "C:\Users\User\STMicroelectronics\GY-85
#        and PWM V2\EWARM\GY-85 and PWM\Obj\stm32l4xx_hal_flash.o"
#        "C:\Users\User\STMicroelectronics\GY-85 and PWM V2\EWARM\GY-85 and
#        PWM\Obj\stm32l4xx_hal_flash_ex.o"
#        "C:\Users\User\STMicroelectronics\GY-85 and PWM V2\EWARM\GY-85 and
#        PWM\Obj\stm32l4xx_hal_flash_ramfunc.o"
#        "C:\Users\User\STMicroelectronics\GY-85 and PWM V2\EWARM\GY-85 and
#        PWM\Obj\stm32l4xx_hal_gpio.o" "C:\Users\User\STMicroelectronics\GY-85
#        and PWM V2\EWARM\GY-85 and PWM\Obj\stm32l4xx_hal_i2c.o"
#        "C:\Users\User\STMicroelectronics\GY-85 and PWM V2\EWARM\GY-85 and
#        PWM\Obj\stm32l4xx_hal_i2c_ex.o"
#        "C:\Users\User\STMicroelectronics\GY-85 and PWM V2\EWARM\GY-85 and
#        PWM\Obj\stm32l4xx_hal_msp.o" "C:\Users\User\STMicroelectronics\GY-85
#        and PWM V2\EWARM\GY-85 and PWM\Obj\stm32l4xx_hal_pwr.o"
#        "C:\Users\User\STMicroelectronics\GY-85 and PWM V2\EWARM\GY-85 and
#        PWM\Obj\stm32l4xx_hal_pwr_ex.o"
#        "C:\Users\User\STMicroelectronics\GY-85 and PWM V2\EWARM\GY-85 and
#        PWM\Obj\stm32l4xx_hal_rcc.o" "C:\Users\User\STMicroelectronics\GY-85
#        and PWM V2\EWARM\GY-85 and PWM\Obj\stm32l4xx_hal_rcc_ex.o"
#        "C:\Users\User\STMicroelectronics\GY-85 and PWM V2\EWARM\GY-85 and
#        PWM\Obj\stm32l4xx_hal_tim.o" "C:\Users\User\STMicroelectronics\GY-85
#        and PWM V2\EWARM\GY-85 and PWM\Obj\stm32l4xx_hal_tim_ex.o"
#        "C:\Users\User\STMicroelectronics\GY-85 and PWM V2\EWARM\GY-85 and
#        PWM\Obj\stm32l4xx_hal_uart.o" "C:\Users\User\STMicroelectronics\GY-85
#        and PWM V2\EWARM\GY-85 and PWM\Obj\stm32l4xx_hal_uart_ex.o"
#        "C:\Users\User\STMicroelectronics\GY-85 and PWM V2\EWARM\GY-85 and
#        PWM\Obj\stm32l4xx_it.o" "C:\Users\User\STMicroelectronics\GY-85 and
#        PWM V2\EWARM\GY-85 and PWM\Obj\system_stm32l4xx.o" --redirect
#        _Printf=_PrintfFull --redirect _Scanf=_ScanfFull --no_out_extension -o
#        "C:\Users\User\STMicroelectronics\GY-85 and PWM V2\EWARM\GY-85 and
#        PWM\Exe\GY-85 and PWM.out" --map
#        "C:\Users\User\STMicroelectronics\GY-85 and PWM V2\EWARM\GY-85 and
#        PWM\List\GY-85 and PWM.map" --config
#        "C:\Users\User\STMicroelectronics\GY-85 and PWM
#        V2\EWARM/stm32l432xx_flash.icf" --semihosting --entry
#        __iar_program_start --vfe --text_out locale)
#
###############################################################################

*******************************************************************************
*** RUNTIME MODEL ATTRIBUTES
***

CppFlavor       = *
__SystemLibrary = DLib
__dlib_version  = 6


*******************************************************************************
*** HEAP SELECTION
***

The basic heap was selected because no calls to memory allocation
functions were found in the application outside of system library
functions, and there are calls to deallocation functions in the
application.


*******************************************************************************
*** PLACEMENT SUMMARY
***

"A0":  place at address 0x800'0000 { ro section .intvec };
"P1":  place in [from 0x800'0000 to 0x803'ffff] { ro };
define block CSTACK with size = 1K, alignment = 8 { };
define block HEAP with size = 512, alignment = 8 { };
"P2":  place in [from 0x2000'0000 to 0x2000'ffff] {
          rw, block CSTACK, block HEAP };
initialize by copy { rw };

  Section            Kind         Address    Size  Object
  -------            ----         -------    ----  ------
"A0":                                       0x18c
  .intvec            ro code   0x800'0000   0x18c  startup_stm32l432xx.o [1]
                             - 0x800'018c   0x18c

"P1":                                      0x3da4
  .text              ro code   0x800'018c   0x7d8  stm32l4xx_hal_i2c.o [1]
  .text              ro code   0x800'0964   0x1ac  stm32l4xx_hal_msp.o [1]
  .text              ro code   0x800'0b10     0xc  stm32l4xx_hal.o [1]
  .text              ro code   0x800'0b1c    0x14  memset.o [4]
  .text              ro code   0x800'0b30   0x16c  stm32l4xx_hal_gpio.o [1]
  .text              ro code   0x800'0c9c    0xf0  stm32l4xx_hal_cortex.o [1]
  .text              ro code   0x800'0d8c    0x66  ABImemset.o [4]
  .text              ro code   0x800'0df2    0x3a  zero_init3.o [4]
  .text              ro code   0x800'0e2c   0x7b0  stm32l4xx_hal_rcc.o [1]
  .text              ro code   0x800'15dc    0x58  stm32l4xx_hal.o [1]
  .text              ro code   0x800'1634    0x7c  stm32l4xx_hal_pwr_ex.o [1]
  .text              ro code   0x800'16b0   0x75a  stm32l4xx_hal_tim.o [1]
  .text              ro code   0x800'1e0a     0x2  stm32l4xx_hal_tim.o [1]
  .text              ro code   0x800'1e0c     0x2  stm32l4xx_hal_tim.o [1]
  .text              ro code   0x800'1e0e     0x2  stm32l4xx_hal_tim.o [1]
  .text              ro code   0x800'1e10     0x2  stm32l4xx_hal_tim.o [1]
  .text              ro code   0x800'1e12     0x2  stm32l4xx_hal_tim.o [1]
  .text              ro code   0x800'1e14     0x2  stm32l4xx_hal_tim_ex.o [1]
  .text              ro code   0x800'1e16     0x2  stm32l4xx_hal_tim_ex.o [1]
  .text              ro code   0x800'1e18     0x2  stm32l4xx_hal_tim.o [1]
  .text              ro code   0x800'1e1a     0x2  stm32l4xx_hal_tim_ex.o [1]
  .text              ro code   0x800'1e1c   0x4e0  stm32l4xx_hal_uart.o [1]
  .text              ro code   0x800'22fc   0x230  I64DivMod.o [4]
  .text              ro code   0x800'252c     0x2  I64DivZer.o [4]
  .text              ro code   0x800'252e    0x2e  copy_init3.o [4]
  .text              ro code   0x800'255c   0x4d6  main.o [1]
  .text              ro code   0x800'2a34    0x20  stm32l4xx_hal.o [1]
  .text              ro code   0x800'2a54    0x28  stm32l4xx_hal.o [1]
  .text              ro code   0x800'2a7c    0x98  I2Cdev.o [1]
  .text              ro code   0x800'2b14   0x110  ITG3205.o [1]
  .text              ro code   0x800'2c24    0x82  QMC5883L.o [1]
  .text              ro code   0x800'2ca8    0x22  S32ToDbl.o [3]
  .text              ro code   0x800'2ccc   0x246  DblDiv.o [3]
  .text              ro code   0x800'2f14    0x68  DblToFlt.o [3]
  .text              ro code   0x800'2f7c   0x17a  DblAdd.o [3]
  .text              ro code   0x800'30f8    0x16  math_wrappers64.o [3]
  .text              ro code   0x800'3110    0x48  FltToDbl.o [3]
  .text              ro code   0x800'3158    0x3a  ABImemset48.o [4]
  .text              ro code   0x800'3194    0x10  stm32l4xx_hal_pwr.o [1]
  .text              ro code   0x800'31a4   0x3b0  stm32l4xx_hal_rcc_ex.o [1]
  .text              ro code   0x800'3554    0xa4  stm32l4xx_hal_i2c_ex.o [1]
  .text              ro code   0x800'35f8    0x54  stm32l4xx_hal_tim_ex.o [1]
  .text              ro code   0x800'364c    0xd2  DblSub.o [3]
  .text              ro code   0x800'3720   0x13c  atan2_64.o [3]
  .text              ro code   0x800'385c    0x2e  DblCmpLe.o [3]
  .text              ro code   0x800'388c   0x1d0  iar_Atan64.o [3]
  .text              ro code   0x800'3a5c    0x20  DblCmpEq.o [3]
  .text              ro code   0x800'3a7c    0x2e  DblCmpGe.o [3]
  .text              ro code   0x800'3aac   0x1a2  DblMul.o [3]
  .text              ro code   0x800'3c50    0x4c  system_stm32l4xx.o [1]
  .rodata            const     0x800'3ca0    0x40  iar_Atan64.o [3]
  .rodata            const     0x800'3ce0    0x30  system_stm32l4xx.o [1]
  .text              ro code   0x800'3d10    0x28  data_init.o [4]
  .text              ro code   0x800'3d38    0x22  fpinit_M.o [3]
  .iar.init_table    const     0x800'3d5c    0x24  - Linker created -
  .text              ro code   0x800'3d80    0x20  stm32l4xx_it.o [1]
  .text              ro code   0x800'3da0    0x18  stm32l4xx_hal.o [1]
  .text              ro code   0x800'3db8    0x1e  cmain.o [4]
  .text              ro code   0x800'3dd6     0x4  low_level_init.o [2]
  .text              ro code   0x800'3dda     0x4  exit.o [2]
  .text              ro code   0x800'3de0     0xa  cexit.o [4]
  .text              ro code   0x800'3dec    0x14  exit.o [5]
  .rodata            const     0x800'3e00    0x10  system_stm32l4xx.o [1]
  .text              ro code   0x800'3e10    0x10  startup_stm32l432xx.o [1]
  Initializer bytes  const     0x800'3e20    0x10  <for P2-1>
  .text              ro code   0x800'3e30     0xc  cstartup_M.o [4]
  .rodata            const     0x800'3e3c     0x8  system_stm32l4xx.o [1]
  .text              ro code   0x800'3e44     0x4  startup_stm32l432xx.o [1]
  .text              ro code   0x800'3e48     0x4  startup_stm32l432xx.o [1]
  .text              ro code   0x800'3e4c     0x4  startup_stm32l432xx.o [1]
  .text              ro code   0x800'3e50     0x4  startup_stm32l432xx.o [1]
  .text              ro code   0x800'3e54     0x4  startup_stm32l432xx.o [1]
  .text              ro code   0x800'3e58     0x4  startup_stm32l432xx.o [1]
  .text              ro code   0x800'3e5c     0x4  startup_stm32l432xx.o [1]
  .text              ro code   0x800'3e60     0x4  startup_stm32l432xx.o [1]
  .text              ro code   0x800'3e64     0x4  startup_stm32l432xx.o [1]
  .text              ro code   0x800'3e68     0x4  startup_stm32l432xx.o [1]
  .text              ro code   0x800'3e6c     0x4  startup_stm32l432xx.o [1]
  .text              ro code   0x800'3e70     0x4  startup_stm32l432xx.o [1]
  .text              ro code   0x800'3e74     0x4  startup_stm32l432xx.o [1]
  .text              ro code   0x800'3e78     0x4  startup_stm32l432xx.o [1]
  .text              ro code   0x800'3e7c     0x4  startup_stm32l432xx.o [1]
  .text              ro code   0x800'3e80     0x4  startup_stm32l432xx.o [1]
  .text              ro code   0x800'3e84     0x4  startup_stm32l432xx.o [1]
  .text              ro code   0x800'3e88     0x4  startup_stm32l432xx.o [1]
  .text              ro code   0x800'3e8c     0x4  startup_stm32l432xx.o [1]
  .text              ro code   0x800'3e90     0x4  startup_stm32l432xx.o [1]
  .text              ro code   0x800'3e94     0x4  startup_stm32l432xx.o [1]
  .text              ro code   0x800'3e98     0x4  startup_stm32l432xx.o [1]
  .text              ro code   0x800'3e9c     0x4  startup_stm32l432xx.o [1]
  .text              ro code   0x800'3ea0     0x4  startup_stm32l432xx.o [1]
  .text              ro code   0x800'3ea4     0x4  startup_stm32l432xx.o [1]
  .text              ro code   0x800'3ea8     0x4  startup_stm32l432xx.o [1]
  .text              ro code   0x800'3eac     0x4  startup_stm32l432xx.o [1]
  .text              ro code   0x800'3eb0     0x4  startup_stm32l432xx.o [1]
  .text              ro code   0x800'3eb4     0x4  startup_stm32l432xx.o [1]
  .text              ro code   0x800'3eb8     0x4  startup_stm32l432xx.o [1]
  .text              ro code   0x800'3ebc     0x4  startup_stm32l432xx.o [1]
  .text              ro code   0x800'3ec0     0x4  startup_stm32l432xx.o [1]
  .text              ro code   0x800'3ec4     0x4  startup_stm32l432xx.o [1]
  .text              ro code   0x800'3ec8     0x4  startup_stm32l432xx.o [1]
  .text              ro code   0x800'3ecc     0x4  startup_stm32l432xx.o [1]
  .text              ro code   0x800'3ed0     0x4  startup_stm32l432xx.o [1]
  .text              ro code   0x800'3ed4     0x4  startup_stm32l432xx.o [1]
  .text              ro code   0x800'3ed8     0x4  startup_stm32l432xx.o [1]
  .text              ro code   0x800'3edc     0x4  startup_stm32l432xx.o [1]
  .text              ro code   0x800'3ee0     0x4  startup_stm32l432xx.o [1]
  .text              ro code   0x800'3ee4     0x4  startup_stm32l432xx.o [1]
  .text              ro code   0x800'3ee8     0x4  startup_stm32l432xx.o [1]
  .text              ro code   0x800'3eec     0x4  startup_stm32l432xx.o [1]
  .text              ro code   0x800'3ef0     0x4  startup_stm32l432xx.o [1]
  .text              ro code   0x800'3ef4     0x4  startup_stm32l432xx.o [1]
  .text              ro code   0x800'3ef8     0x4  startup_stm32l432xx.o [1]
  .text              ro code   0x800'3efc     0x4  startup_stm32l432xx.o [1]
  .text              ro code   0x800'3f00     0x4  startup_stm32l432xx.o [1]
  .text              ro code   0x800'3f04     0x4  startup_stm32l432xx.o [1]
  .text              ro code   0x800'3f08     0x4  startup_stm32l432xx.o [1]
  .text              ro code   0x800'3f0c     0x4  startup_stm32l432xx.o [1]
  .text              ro code   0x800'3f10     0x4  startup_stm32l432xx.o [1]
  .text              ro code   0x800'3f14     0x4  startup_stm32l432xx.o [1]
  .text              ro code   0x800'3f18     0x4  startup_stm32l432xx.o [1]
  .text              ro code   0x800'3f1c     0x4  startup_stm32l432xx.o [1]
  .text              ro code   0x800'3f20     0x4  startup_stm32l432xx.o [1]
  .text              ro code   0x800'3f24     0x4  startup_stm32l432xx.o [1]
  .text              ro code   0x800'3f28     0x4  startup_stm32l432xx.o [1]
  .text              ro code   0x800'3f2c     0x4  startup_stm32l432xx.o [1]
  .rodata            const     0x800'3f30     0x0  zero_init3.o [4]
  .rodata            const     0x800'3f30     0x0  copy_init3.o [4]
                             - 0x800'3f30  0x3da4

"P2", part 1 of 3:                           0x10
  P2-1                        0x2000'0000     0xd  <Init block>
    .data            inited   0x2000'0000     0x4  stm32l4xx_hal.o [1]
    .data            inited   0x2000'0004     0x4  stm32l4xx_hal.o [1]
    .data            inited   0x2000'0008     0x4  system_stm32l4xx.o [1]
    .data            inited   0x2000'000c     0x1  QMC5883L.o [1]
                            - 0x2000'000d     0xd

"P2", part 2 of 3:                          0x180
  .bss               zero     0x2000'0010    0x80  main.o [1]
  .bss               zero     0x2000'0090    0x4c  main.o [1]
  .bss               zero     0x2000'00dc    0x40  main.o [1]
  .bss               zero     0x2000'011c    0x10  ITG3205.o [1]
  .bss               zero     0x2000'012c    0x10  main.o [1]
  .bss               zero     0x2000'013c    0x10  main.o [1]
  .bss               zero     0x2000'014c     0x8  ITG3205.o [1]
  .bss               zero     0x2000'0154     0x4  I2Cdev.o [1]
  .bss               zero     0x2000'0158     0x4  ITG3205.o [1]
  .bss               zero     0x2000'015c     0x4  ITG3205.o [1]
  .bss               zero     0x2000'0160     0x4  ITG3205.o [1]
  .bss               zero     0x2000'0164     0x4  ITG3205.o [1]
  .bss               zero     0x2000'0168     0x4  ITG3205.o [1]
  .bss               zero     0x2000'016c     0x4  ITG3205.o [1]
  .bss               zero     0x2000'0170     0x4  main.o [1]
  .bss               zero     0x2000'0174     0x4  main.o [1]
  .bss               zero     0x2000'0178     0x4  main.o [1]
  .bss               zero     0x2000'017c     0x4  main.o [1]
  .bss               zero     0x2000'0180     0x4  main.o [1]
  .bss               zero     0x2000'0184     0x4  main.o [1]
  .bss               zero     0x2000'0188     0x4  stm32l4xx_hal.o [1]
  .bss               zero     0x2000'018c     0x1  I2Cdev.o [1]
                            - 0x2000'018d   0x17d

"P2", part 3 of 3:                          0x400
  CSTACK                      0x2000'0190   0x400  <Block>
    CSTACK           uninit   0x2000'0190   0x400  <Block tail>
                            - 0x2000'0590   0x400

Unused ranges:

         From           To      Size
         ----           --      ----
   0x800'3f30   0x803'ffff  0x3'c0d0
  0x2000'0590  0x2000'ffff    0xfa70


*******************************************************************************
*** INIT TABLE
***

          Address      Size
          -------      ----
Zero (__iar_zero_init3)
    1 destination range, total size 0x17d:
          0x2000'0010  0x17d

Copy (__iar_copy_init3)
    1 source range, total size 0x10 (123% of destination):
           0x800'3e20   0x10
    1 destination range, total size 0xd:
          0x2000'0000    0xd



*******************************************************************************
*** MODULE SUMMARY
***

    Module                  ro code  ro data  rw data
    ------                  -------  -------  -------
command line/config:
    -------------------------------------------------
    Total:

C:\Users\User\STMicroelectronics\GY-85 and PWM V2\EWARM\GY-85 and PWM\Obj: [1]
    I2Cdev.o                    152                 5
    ITG3205.o                   272                48
    QMC5883L.o                  130        1        1
    main.o                    1'238               324
    startup_stm32l432xx.o       648
    stm32l4xx_hal.o             196        8       12
    stm32l4xx_hal_cortex.o      240
    stm32l4xx_hal_gpio.o        364
    stm32l4xx_hal_i2c.o       2'008
    stm32l4xx_hal_i2c_ex.o      164
    stm32l4xx_hal_msp.o         428
    stm32l4xx_hal_pwr.o          16
    stm32l4xx_hal_pwr_ex.o      124
    stm32l4xx_hal_rcc.o       1'968
    stm32l4xx_hal_rcc_ex.o      944
    stm32l4xx_hal_tim.o       1'894
    stm32l4xx_hal_tim_ex.o       90
    stm32l4xx_hal_uart.o      1'248
    stm32l4xx_it.o               32
    system_stm32l4xx.o           76       76        4
    -------------------------------------------------
    Total:                   12'232       85      394

dl7M_tlf.a: [2]
    exit.o                        4
    low_level_init.o              4
    -------------------------------------------------
    Total:                        8

m7M_tls.a: [3]
    DblAdd.o                    378
    DblCmpEq.o                   32
    DblCmpGe.o                   46
    DblCmpLe.o                   46
    DblDiv.o                    582
    DblMul.o                    418
    DblSub.o                    210
    DblToFlt.o                  104
    FltToDbl.o                   72
    S32ToDbl.o                   34
    atan2_64.o                  316
    fpinit_M.o                   34
    iar_Atan64.o                464       64
    math_wrappers64.o            22
    -------------------------------------------------
    Total:                    2'758       64

rt7M_tl.a: [4]
    ABImemset.o                 102
    ABImemset48.o                58
    I64DivMod.o                 560
    I64DivZer.o                   2
    cexit.o                      10
    cmain.o                      30
    copy_init3.o                 46
    cstartup_M.o                 12
    data_init.o                  40
    memset.o                     20
    zero_init3.o                 58
    -------------------------------------------------
    Total:                      938

shb_l.a: [5]
    exit.o                       20
    -------------------------------------------------
    Total:                       20

    Gaps                         26        6
    Linker created                        39    1'024
-----------------------------------------------------
    Grand Total:             15'982      194    1'418


*******************************************************************************
*** ENTRY LIST
***

Entry                       Address   Size  Type      Object
-----                       -------   ----  ----      ------
.iar.init_table$$Base    0x800'3d5c          --   Gb  - Linker created -
.iar.init_table$$Limit   0x800'3d80          --   Gb  - Linker created -
?main                    0x800'3db9         Code  Gb  cmain.o [4]
AHBPrescTable            0x800'3e00   0x10  Data  Gb  system_stm32l4xx.o [1]
APBPrescTable            0x800'3e3c    0x8  Data  Gb  system_stm32l4xx.o [1]
BusFault_Handler         0x800'3d87    0x2  Code  Gb  stm32l4xx_it.o [1]
CSTACK$$Base            0x2000'0190          --   Gb  - Linker created -
CSTACK$$Limit           0x2000'0590          --   Gb  - Linker created -
DebugMon_Handler         0x800'3d8d    0x2  Code  Gb  stm32l4xx_it.o [1]
Error_Handler            0x800'2a31    0x2  Code  Gb  main.o [1]
GyroCal                 0x2000'011c   0x10  Data  Gb  ITG3205.o [1]
GyroCalibrate            0x800'2b15   0x6e  Code  Gb  ITG3205.o [1]
GyroCalibrate::tmpx     0x2000'0164    0x4  Data  Lc  ITG3205.o [1]
GyroCalibrate::tmpy     0x2000'0168    0x4  Data  Lc  ITG3205.o [1]
GyroCalibrate::tmpz     0x2000'016c    0x4  Data  Lc  ITG3205.o [1]
HAL_Delay                0x800'2a55   0x28  Code  Wk  stm32l4xx_hal.o [1]
HAL_GPIO_Init            0x800'0b31  0x14a  Code  Gb  stm32l4xx_hal_gpio.o [1]
HAL_GPIO_WritePin        0x800'0c7b    0xc  Code  Gb  stm32l4xx_hal_gpio.o [1]
HAL_GetTick              0x800'0b11    0xc  Code  Wk  stm32l4xx_hal.o [1]
HAL_I2CEx_ConfigAnalogFilter
                         0x800'3555   0x54  Code  Gb  stm32l4xx_hal_i2c_ex.o [1]
HAL_I2CEx_ConfigDigitalFilter
                         0x800'35a9   0x50  Code  Gb  stm32l4xx_hal_i2c_ex.o [1]
HAL_I2C_Init             0x800'018d   0xb2  Code  Gb  stm32l4xx_hal_i2c.o [1]
HAL_I2C_Master_Transmit
                         0x800'023f  0x14a  Code  Gb  stm32l4xx_hal_i2c.o [1]
HAL_I2C_Mem_Read         0x800'0519  0x18e  Code  Gb  stm32l4xx_hal_i2c.o [1]
HAL_I2C_Mem_Write        0x800'0389  0x18c  Code  Gb  stm32l4xx_hal_i2c.o [1]
HAL_I2C_MspInit          0x800'0991   0x8e  Code  Gb  stm32l4xx_hal_msp.o [1]
HAL_IncTick              0x800'3da1   0x18  Code  Wk  stm32l4xx_hal.o [1]
HAL_Init                 0x800'2a35   0x20  Code  Gb  stm32l4xx_hal.o [1]
HAL_InitTick             0x800'15dd   0x58  Code  Wk  stm32l4xx_hal.o [1]
HAL_MspInit              0x800'0965   0x2c  Code  Gb  stm32l4xx_hal_msp.o [1]
HAL_NVIC_EnableIRQ       0x800'0d6f    0x2  Code  Gb  stm32l4xx_hal_cortex.o [1]
HAL_NVIC_SetPriority     0x800'0d51   0x1e  Code  Gb  stm32l4xx_hal_cortex.o [1]
HAL_NVIC_SetPriorityGrouping
                         0x800'0d4f    0x2  Code  Gb  stm32l4xx_hal_cortex.o [1]
HAL_PWREx_ControlVoltageScaling
                         0x800'1641   0x64  Code  Gb  stm32l4xx_hal_pwr_ex.o [1]
HAL_PWREx_GetVoltageRange
                         0x800'1635    0xc  Code  Gb  stm32l4xx_hal_pwr_ex.o [1]
HAL_PWR_EnableBkUpAccess
                         0x800'3195    0xc  Code  Gb  stm32l4xx_hal_pwr.o [1]
HAL_RCCEx_EnableMSIPLLMode
                         0x800'3403    0xe  Code  Gb  stm32l4xx_hal_rcc_ex.o [1]
HAL_RCCEx_PeriphCLKConfig
                         0x800'31a5  0x25e  Code  Gb  stm32l4xx_hal_rcc_ex.o [1]
HAL_RCC_ClockConfig      0x800'133d  0x116  Code  Gb  stm32l4xx_hal_rcc.o [1]
HAL_RCC_GetHCLKFreq      0x800'14e7    0x6  Code  Gb  stm32l4xx_hal_rcc.o [1]
HAL_RCC_GetPCLK1Freq     0x800'14ed   0x1a  Code  Gb  stm32l4xx_hal_rcc.o [1]
HAL_RCC_GetPCLK2Freq     0x800'1507   0x1a  Code  Gb  stm32l4xx_hal_rcc.o [1]
HAL_RCC_GetSysClockFreq
                         0x800'1453   0x94  Code  Gb  stm32l4xx_hal_rcc.o [1]
HAL_RCC_OscConfig        0x800'0e2d  0x510  Code  Gb  stm32l4xx_hal_rcc.o [1]
HAL_SYSTICK_Config       0x800'0d71    0x2  Code  Gb  stm32l4xx_hal_cortex.o [1]
HAL_TIMEx_Break2Callback
                         0x800'1e17    0x2  Code  Wk  stm32l4xx_hal_tim_ex.o [1]
HAL_TIMEx_BreakCallback
                         0x800'1e15    0x2  Code  Wk  stm32l4xx_hal_tim_ex.o [1]
HAL_TIMEx_CommutCallback
                         0x800'1e1b    0x2  Code  Wk  stm32l4xx_hal_tim_ex.o [1]
HAL_TIMEx_MasterConfigSynchronization
                         0x800'35f9   0x4e  Code  Gb  stm32l4xx_hal_tim_ex.o [1]
HAL_TIM_Base_Init        0x800'16b1   0x32  Code  Gb  stm32l4xx_hal_tim.o [1]
HAL_TIM_Base_MspInit     0x800'0a1f   0x34  Code  Gb  stm32l4xx_hal_msp.o [1]
HAL_TIM_ConfigClockSource
                         0x800'1a11   0xce  Code  Gb  stm32l4xx_hal_tim.o [1]
HAL_TIM_IRQHandler       0x800'177d  0x16c  Code  Gb  stm32l4xx_hal_tim.o [1]
HAL_TIM_MspPostInit      0x800'0a53   0x4c  Code  Gb  stm32l4xx_hal_msp.o [1]
HAL_TIM_PWM_ConfigChannel
                         0x800'18e9  0x128  Code  Gb  stm32l4xx_hal_tim.o [1]
HAL_TIM_PWM_Init         0x800'16e3   0x32  Code  Gb  stm32l4xx_hal_tim.o [1]
HAL_TIM_PWM_Start        0x800'1715   0x58  Code  Gb  stm32l4xx_hal_tim.o [1]
HAL_UART_Init            0x800'1e1d   0x6a  Code  Gb  stm32l4xx_hal_uart.o [1]
HAL_UART_MspInit         0x800'0a9f   0x5e  Code  Gb  stm32l4xx_hal_msp.o [1]
HardFault_Handler        0x800'3d83    0x2  Code  Gb  stm32l4xx_it.o [1]
I2C_Flush_TXDR           0x800'0799   0x1e  Code  Lc  stm32l4xx_hal_i2c.o [1]
I2C_IsAcknowledgeFailed
                         0x800'08b5   0x7e  Code  Lc  stm32l4xx_hal_i2c.o [1]
I2C_RequestMemoryRead    0x800'0725   0x72  Code  Lc  stm32l4xx_hal_i2c.o [1]
I2C_RequestMemoryWrite   0x800'06b1   0x74  Code  Lc  stm32l4xx_hal_i2c.o [1]
I2C_TransferConfig       0x800'0935   0x24  Code  Lc  stm32l4xx_hal_i2c.o [1]
I2C_WaitOnFlagUntilTimeout
                         0x800'07b7   0x5c  Code  Lc  stm32l4xx_hal_i2c.o [1]
I2C_WaitOnSTOPFlagUntilTimeout
                         0x800'0867   0x4e  Code  Lc  stm32l4xx_hal_i2c.o [1]
I2C_WaitOnTXISFlagUntilTimeout
                         0x800'0813   0x54  Code  Lc  stm32l4xx_hal_i2c.o [1]
I2Cdev_hi2c             0x2000'0154    0x4  Data  Lc  I2Cdev.o [1]
I2Cdev_init              0x800'2a7d    0x6  Code  Gb  I2Cdev.o [1]
I2Cdev_readBytes         0x800'2a83   0x58  Code  Gb  I2Cdev.o [1]
I2Cdev_writeByte         0x800'2adb    0xc  Code  Gb  I2Cdev.o [1]
I2Cdev_writeBytes        0x800'2ae7   0x26  Code  Gb  I2Cdev.o [1]
MSIRangeTable            0x800'3ce0   0x30  Data  Gb  system_stm32l4xx.o [1]
MX_GPIO_Init             0x800'295d   0x6c  Code  Lc  main.o [1]
MX_I2C3_Init             0x800'280f   0x52  Code  Lc  main.o [1]
MX_TIM2_Init             0x800'2861   0xbc  Code  Lc  main.o [1]
MX_USART1_UART_Init      0x800'291d   0x34  Code  Lc  main.o [1]
MemManage_Handler        0x800'3d85    0x2  Code  Gb  stm32l4xx_it.o [1]
NMI_Handler              0x800'3d81    0x2  Code  Gb  stm32l4xx_it.o [1]
NVIC_EncodePriority      0x800'0cf1   0x36  Code  Lc  stm32l4xx_hal_cortex.o [1]
PendSV_Handler           0x800'3d8f    0x2  Code  Gb  stm32l4xx_it.o [1]
QMC5883L_WriteReg        0x800'2c25    0xc  Code  Gb  QMC5883L.o [1]
QMC5883L_init            0x800'2c39   0x14  Code  Gb  QMC5883L.o [1]
QMC5883L_read            0x800'2c4d   0x5a  Code  Gb  QMC5883L.o [1]
RCCEx_PLLSAI1_Config     0x800'3415  0x126  Code  Lc  stm32l4xx_hal_rcc_ex.o [1]
RCC_SetFlashLatencyFromMSIRange
                         0x800'1521   0x7a  Code  Lc  stm32l4xx_hal_rcc.o [1]
Region$$Table$$Base      0x800'3d5c          --   Gb  - Linker created -
Region$$Table$$Limit     0x800'3d80          --   Gb  - Linker created -
SVC_Handler              0x800'3d8b    0x2  Code  Gb  stm32l4xx_it.o [1]
SysTick_Config           0x800'0d27   0x28  Code  Lc  stm32l4xx_hal_cortex.o [1]
SysTick_Handler          0x800'3d91    0x4  Code  Gb  stm32l4xx_it.o [1]
SystemClock_Config       0x800'2755   0xba  Code  Gb  main.o [1]
SystemCoreClock         0x2000'0008    0x4  Data  Gb  system_stm32l4xx.o [1]
SystemInit               0x800'3c51   0x3c  Code  Gb  system_stm32l4xx.o [1]
TIM2_IRQHandler          0x800'3d95    0x6  Code  Gb  stm32l4xx_it.o [1]
TIM_Base_SetConfig       0x800'1adf   0x6a  Code  Gb  stm32l4xx_hal_tim.o [1]
TIM_CCxChannelCmd        0x800'1ded   0x1e  Code  Gb  stm32l4xx_hal_tim.o [1]
TIM_ETR_SetConfig        0x800'1dd7   0x16  Code  Gb  stm32l4xx_hal_tim.o [1]
TIM_ITRx_SetConfig       0x800'1dc7   0x10  Code  Lc  stm32l4xx_hal_tim.o [1]
TIM_OC1_SetConfig        0x800'1b49   0x68  Code  Lc  stm32l4xx_hal_tim.o [1]
TIM_OC2_SetConfig        0x800'1bb1   0x62  Code  Gb  stm32l4xx_hal_tim.o [1]
TIM_OC3_SetConfig        0x800'1c13   0x60  Code  Lc  stm32l4xx_hal_tim.o [1]
TIM_OC4_SetConfig        0x800'1c73   0x4e  Code  Lc  stm32l4xx_hal_tim.o [1]
TIM_OC5_SetConfig        0x800'1cc1   0x4c  Code  Lc  stm32l4xx_hal_tim.o [1]
TIM_OC6_SetConfig        0x800'1d0d   0x4e  Code  Lc  stm32l4xx_hal_tim.o [1]
TIM_TI1_ConfigInputStage
                         0x800'1d7d   0x24  Code  Lc  stm32l4xx_hal_tim.o [1]
TIM_TI2_ConfigInputStage
                         0x800'1da1   0x26  Code  Lc  stm32l4xx_hal_tim.o [1]
UART_AdvFeatureConfig    0x800'216d   0xc8  Code  Gb  stm32l4xx_hal_uart.o [1]
UART_CheckIdleState      0x800'2235   0x62  Code  Gb  stm32l4xx_hal_uart.o [1]
UART_SetConfig           0x800'1e89  0x2be  Code  Gb  stm32l4xx_hal_uart.o [1]
UART_WaitOnFlagUntilTimeout
                         0x800'2297   0x66  Code  Gb  stm32l4xx_hal_uart.o [1]
UsageFault_Handler       0x800'3d89    0x2  Code  Gb  stm32l4xx_it.o [1]
__NVIC_EnableIRQ         0x800'0cc1   0x16  Code  Lc  stm32l4xx_hal_cortex.o [1]
__NVIC_GetPriorityGrouping
                         0x800'0cb7    0xa  Code  Lc  stm32l4xx_hal_cortex.o [1]
__NVIC_SetPriority       0x800'0cd7   0x1a  Code  Lc  stm32l4xx_hal_cortex.o [1]
__NVIC_SetPriorityGrouping
                         0x800'0c9d   0x1a  Code  Lc  stm32l4xx_hal_cortex.o [1]
__aeabi_cdcmpeq          0x800'3a5d         Code  Gb  DblCmpEq.o [3]
__aeabi_cdcmple          0x800'385d         Code  Gb  DblCmpLe.o [3]
__aeabi_cdrcmple         0x800'3a7d         Code  Gb  DblCmpGe.o [3]
__aeabi_d2f              0x800'2f15         Code  Gb  DblToFlt.o [3]
__aeabi_dadd             0x800'2f7d         Code  Gb  DblAdd.o [3]
__aeabi_ddiv             0x800'2ccd         Code  Gb  DblDiv.o [3]
__aeabi_dmul             0x800'3aad         Code  Gb  DblMul.o [3]
__aeabi_f2d              0x800'3111         Code  Gb  FltToDbl.o [3]
__aeabi_i2d              0x800'2ca9         Code  Gb  S32ToDbl.o [3]
__aeabi_ldiv0            0x800'252d         Code  Gb  I64DivZer.o [4]
__aeabi_memset           0x800'0d8d         Code  Gb  ABImemset.o [4]
__aeabi_memset4          0x800'3159         Code  Gb  ABImemset48.o [4]
__aeabi_memset8          0x800'3159         Code  Gb  ABImemset48.o [4]
__aeabi_uldivmod         0x800'22fd         Code  Gb  I64DivMod.o [4]
__cmain                  0x800'3db9         Code  Gb  cmain.o [4]
__exit                   0x800'3ded   0x14  Code  Gb  exit.o [5]
__iar_Atan64             0x800'388d  0x1d0  Code  Gb  iar_Atan64.o [3]
__iar_Memset             0x800'0d8d         Code  Gb  ABImemset.o [4]
__iar_Memset4_word       0x800'3161         Code  Gb  ABImemset48.o [4]
__iar_Memset8_word       0x800'3161         Code  Gb  ABImemset48.o [4]
__iar_Memset_word        0x800'0d95         Code  Gb  ABImemset.o [4]
__iar_atan2_64           0x800'3721  0x13c  Code  Gb  atan2_64.o [3]
__iar_copy_init3         0x800'252f   0x2e  Code  Gb  copy_init3.o [4]
__iar_dadd               0x800'364d         Code  Gb  DblSub.o [3]
__iar_data_init3         0x800'3d11   0x28  Code  Gb  data_init.o [4]
__iar_dsub               0x800'2f8d         Code  Gb  DblAdd.o [3]
__iar_dsubStart          0x800'2f9f         Code  Gb  DblAdd.o [3]
__iar_init_vfp           0x800'3d39         Code  Gb  fpinit_M.o [3]
__iar_program_start      0x800'3e31         Code  Gb  cstartup_M.o [4]
__iar_vfp_atan2          0x800'30ff   0x10  Code  Gb  math_wrappers64.o [3]
__iar_zero_init3         0x800'0df3   0x3a  Code  Gb  zero_init3.o [4]
__low_level_init         0x800'3dd7    0x4  Code  Gb  low_level_init.o [2]
__vector_table           0x800'0000         Data  Gb  startup_stm32l432xx.o [1]
_call_main               0x800'3dc5         Code  Gb  cmain.o [4]
_exit                    0x800'3de1         Code  Gb  cexit.o [4]
_main                    0x800'3dd3         Code  Gb  cmain.o [4]
a                        0x800'3ca0   0x40  Data  Lc  iar_Atan64.o [3]
address                 0x2000'000c    0x1  Data  Gb  QMC5883L.o [1]
atan2                    0x800'3721  0x13c  Code  Gb  atan2_64.o [3]
atan2l                   0x800'3721  0x13c  Code  Gb  atan2_64.o [3]
buff                    0x2000'014c    0x8  Data  Gb  ITG3205.o [1]
condition               0x2000'018c    0x1  Data  Gb  I2Cdev.o [1]
exit                     0x800'3ddb    0x4  Code  Gb  exit.o [2]
g_offx                  0x2000'0158    0x4  Data  Gb  ITG3205.o [1]
g_offy                  0x2000'015c    0x4  Data  Gb  ITG3205.o [1]
g_offz                  0x2000'0160    0x4  Data  Gb  ITG3205.o [1]
getGyroscopeData         0x800'2bb3   0x52  Code  Gb  ITG3205.o [1]
gyro                    0x2000'012c   0x10  Data  Gb  main.o [1]
heading                 0x2000'0180    0x4  Data  Gb  main.o [1]
headingDegrees          0x2000'0184    0x4  Data  Gb  main.o [1]
hi2c3                   0x2000'0090   0x4c  Data  Gb  main.o [1]
htim2                   0x2000'00dc   0x40  Data  Gb  main.o [1]
huart1                  0x2000'0010   0x80  Data  Gb  main.o [1]
hx                      0x2000'0170    0x4  Data  Gb  main.o [1]
hy                      0x2000'0174    0x4  Data  Gb  main.o [1]
hz                      0x2000'0178    0x4  Data  Gb  main.o [1]
initGyro                 0x800'2b83   0x30  Code  Gb  ITG3205.o [1]
magnet                  0x2000'013c   0x10  Data  Gb  main.o [1]
main                     0x800'255d  0x1f8  Code  Gb  main.o [1]
memset                   0x800'0b1d   0x14  Code  Gb  memset.o [4]
turetemp                0x2000'017c    0x4  Data  Gb  main.o [1]
uwTick                  0x2000'0188    0x4  Data  Gb  stm32l4xx_hal.o [1]
uwTickFreq              0x2000'0004    0x4  Data  Gb  stm32l4xx_hal.o [1]
uwTickPrio              0x2000'0000    0x4  Data  Gb  stm32l4xx_hal.o [1]


[1] = C:\Users\User\STMicroelectronics\GY-85 and PWM V2\EWARM\GY-85 and PWM\Obj
[2] = dl7M_tlf.a
[3] = m7M_tls.a
[4] = rt7M_tl.a
[5] = shb_l.a

  15'982 bytes of readonly  code memory
     194 bytes of readonly  data memory
   1'418 bytes of readwrite data memory

Errors: none
Warnings: none
